// Jest Snapshot v1, https://goo.gl/fbAQLP

exports[`should render dashboard 1`] = `
<div>
  <Connect(ExpensesSummary) />
  this is from my dash component
  <Connect(ExpenseListFilters) />
  <Connect(ExpenseList) />
</div>
`;
