// Jest Snapshot v1, https://goo.gl/fbAQLP

exports[`should render headercmpnt 1`] = `
Object {
  "children": Array [
    <h1>
      Budget Buddy
    </h1>,
    <NavLink
      activeClassName="is-active"
      ariaCurrent="true"
      exact={true}
      to="/"
    >
      Dashboard
    </NavLink>,
    <NavLink
      activeClassName="is-active"
      ariaCurrent="true"
      to="/create"
    >
      Create Expense
    </NavLink>,
    <NavLink
      activeClassName="is-active"
      ariaCurrent="true"
      to="/help"
    >
      Help Page
    </NavLink>,
  ],
}
`;
